// ============================================
// FICHIER: test.log (exemple pour tester)
// ============================================
/*
2024-01-15 10:30:45 INFO Server started on port 8080
192.168.1.100 - - [15/Jan/2024:10:31:02] "GET /index.html HTTP/1.1" 200 1234
192.168.1.100 - - [15/Jan/2024:10:31:05] "GET /style.css HTTP/1.1" 200 456
192.168.1.101 - - [15/Jan/2024:10:31:10] "GET /missing.html HTTP/1.1" 404 234
2024-01-15 10:32:00 ERROR Database connection failed
2024-01-15 10:32:05 WARN Retrying connection (attempt 1/3)
192.168.1.100 - - [15/Jan/2024:10:32:15] "POST /api/login HTTP/1.1" 500 89
192.168.1.102 - - [15/Jan/2024:10:32:20] "GET /api/users HTTP/1.1" 200 567
192.168.1.100 - - [15/Jan/2024:10:32:25] "GET /dashboard HTTP/1.1" 200 890
2024-01-15 10:33:00 DEBUG Processing request queue
192.168.1.103 - - [15/Jan/2024:10:33:10] "POST /api/data HTTP/1.1" 201 123
2024-01-15 10:34:00 ERROR Failed to write to cache
192.168.1.100 - - [15/Jan/2024:10:34:15] "GET /admin HTTP/1.1" 403 0
2024-01-15 10:35:00 INFO Request processed successfully
*/